// Jest Snapshot v1, https://goo.gl/fbAQLP

exports[`TechnicalSkills component matches snapshot DOM node structure 1`] = `
<DocumentFragment>
  <div />
</DocumentFragment>
`;
