// Jest Snapshot v1, https://goo.gl/fbAQLP

exports[`BackendSkills component matches snapshot DOM node structure 1`] = `
<DocumentFragment>
  <div>
     
  </div>
</DocumentFragment>
`;
