// Jest Snapshot v1, https://goo.gl/fbAQLP

exports[`Footer component matches snapshot DOM node structure 1`] = `
<DocumentFragment>
  <footer
    class="bg-secondary"
  >
    <a
      href="https://github.com/nicnolen?tab=repositories"
    >
      <h4>
        GitHub
      </h4>
      <img
        alt="GitHub"
        src="http://nicnolen.github.io/react-portfolio/assets/images/icons/github.svg?sanitize=true"
        target="_blank"
      />
    </a>
    <a
      href="https://www.linkedin.com/in/nicholasnolen/"
    >
      <h4>
        LinkedIn
      </h4>
      <img
        alt="LinkedIn"
        src="http://nicnolen.github.io/react-portfolio/assets/images/icons/linkedin.svg?sanitize=true"
        target="_blank"
      />
    </a>
    <a
      href="https://stackoverflow.com/users/16633801/nicholas-nolen"
    >
      <h4>
        Stack Overflow
      </h4>
      <img
        alt="Stack Overflow"
        src="http://nicnolen.github.io/react-portfolio/assets/images/icons/stack-overflow.svg?sanitize=true"
        target="_blank"
      />
    </a>
  </footer>
</DocumentFragment>
`;
