// Jest Snapshot v1, https://goo.gl/fbAQLP

exports[`Contact component matches snapshot DOM node structure 1`] = `
<DocumentFragment>
  <section
    class="container"
    style="max-width: 660px;"
  >
    <h2
      class="top-title mt-5 mb-3"
    >
      Contact Me
    </h2>
    <form>
      <div
        style="width: 75%; margin: 0px auto;"
      >
        <label
          for="to_name"
        >
          To:
        </label>
        <input
          class="mb-2"
          name="to_name"
          type="text"
          value="nicnolen@ymail.com"
        />
      </div>
      <div
        style="width: 75%; margin: 0px auto;"
      >
        <label
          class="pr-2"
          for="from_name"
        >
          From:
        </label>
        <input
          class="mb-2"
          name="from_name"
          type="text"
          value=""
        />
      </div>
      <div
        style="width: 75%; margin: 0px auto;"
      >
        <label
          for="name"
        >
          Name:
        </label>
        <input
          class="mb-2"
          name="name"
          type="text"
          value=""
        />
      </div>
      <div
        style="width: 75%; margin: 0px auto;"
      >
        <label
          for="message"
        >
          Message:
        </label>
        <textarea
          class="mb-2"
          name="message"
          rows="5"
        />
      </div>
      <button
        class="btn btn-info mb-5"
        style="width: 75%; margin: 0px auto;"
        type="submit"
      >
        Submit
      </button>
    </form>
  </section>
</DocumentFragment>
`;
